// Jest Snapshot v1, https://goo.gl/fbAQLP

exports[`should render edit expense page correctly 1`] = `
ShallowWrapper {
  "length": 1,
  Symbol(enzyme.__root__): [Circular],
  Symbol(enzyme.__unrendered__): <EditExpensePage
    editExpense={[MockFunction]}
    expense={
      Object {
        "amount": 4000,
        "createdAt": 345600000,
        "description": "credit card",
        "id": "3",
        "note": "",
      }
    }
    history={
      Object {
        "push": [MockFunction],
      }
    }
    removeExpense={[MockFunction]}
  />,
  Symbol(enzyme.__renderer__): Object {
    "batchedUpdates": [Function],
    "getNode": [Function],
    "render": [Function],
    "simulateEvent": [Function],
    "unmount": [Function],
  },
  Symbol(enzyme.__node__): Object {
    "instance": null,
    "key": undefined,
    "nodeType": "host",
    "props": Object {
      "children": Array [
        <ExpenseForm
          expense={
            Object {
              "amount": 4000,
              "createdAt": 345600000,
              "description": "credit card",
              "id": "3",
              "note": "",
            }
          }
          onSubmit={[Function]}
        />,
        <button
          onClick={[Function]}
        >
          REMOVE 
        </button>,
      ],
    },
    "ref": null,
    "rendered": Array [
      Object {
        "instance": null,
        "key": undefined,
        "nodeType": "class",
        "props": Object {
          "expense": Object {
            "amount": 4000,
            "createdAt": 345600000,
            "description": "credit card",
            "id": "3",
            "note": "",
          },
          "onSubmit": [Function],
        },
        "ref": null,
        "rendered": null,
        "type": [Function],
      },
      Object {
        "instance": null,
        "key": undefined,
        "nodeType": "host",
        "props": Object {
          "children": "REMOVE ",
          "onClick": [Function],
        },
        "ref": null,
        "rendered": "REMOVE ",
        "type": "button",
      },
    ],
    "type": "div",
  },
  Symbol(enzyme.__nodes__): Array [
    Object {
      "instance": null,
      "key": undefined,
      "nodeType": "host",
      "props": Object {
        "children": Array [
          <ExpenseForm
            expense={
              Object {
                "amount": 4000,
                "createdAt": 345600000,
                "description": "credit card",
                "id": "3",
                "note": "",
              }
            }
            onSubmit={[Function]}
          />,
          <button
            onClick={[Function]}
          >
            REMOVE 
          </button>,
        ],
      },
      "ref": null,
      "rendered": Array [
        Object {
          "instance": null,
          "key": undefined,
          "nodeType": "class",
          "props": Object {
            "expense": Object {
              "amount": 4000,
              "createdAt": 345600000,
              "description": "credit card",
              "id": "3",
              "note": "",
            },
            "onSubmit": [Function],
          },
          "ref": null,
          "rendered": null,
          "type": [Function],
        },
        Object {
          "instance": null,
          "key": undefined,
          "nodeType": "host",
          "props": Object {
            "children": "REMOVE ",
            "onClick": [Function],
          },
          "ref": null,
          "rendered": "REMOVE ",
          "type": "button",
        },
      ],
      "type": "div",
    },
  ],
  Symbol(enzyme.__options__): Object {
    "adapter": ReactSixteenAdapter {
      "options": Object {
        "enableComponentDidUpdateOnSetState": true,
      },
    },
  },
}
`;
