// Jest Snapshot v1, https://goo.gl/fbAQLP

exports[`should render Header correctly 1`] = `
ShallowWrapper {
  "length": 1,
  Symbol(enzyme.__root__): [Circular],
  Symbol(enzyme.__unrendered__): <Header />,
  Symbol(enzyme.__renderer__): Object {
    "batchedUpdates": [Function],
    "getNode": [Function],
    "render": [Function],
    "simulateEvent": [Function],
    "unmount": [Function],
  },
  Symbol(enzyme.__node__): Object {
    "instance": null,
    "key": undefined,
    "nodeType": "host",
    "props": Object {
      "children": Array [
        <h1>
          Expensify
        </h1>,
        <NavLink
          activeClassName="is-active"
          aria-current="page"
          exact={true}
          to="/"
        >
          Home
        </NavLink>,
        <NavLink
          activeClassName="is-active"
          aria-current="page"
          exact={true}
          to="/create"
        >
          Add Expense
        </NavLink>,
        <NavLink
          activeClassName="is-active"
          aria-current="page"
          exact={true}
          to="/edit"
        >
          Edit Expense
        </NavLink>,
        <NavLink
          activeClassName="is-active"
          aria-current="page"
          exact={true}
          to="/help"
        >
          Help
        </NavLink>,
      ],
    },
    "ref": null,
    "rendered": Array [
      Object {
        "instance": null,
        "key": undefined,
        "nodeType": "host",
        "props": Object {
          "children": "Expensify",
        },
        "ref": null,
        "rendered": "Expensify",
        "type": "h1",
      },
      Object {
        "instance": null,
        "key": undefined,
        "nodeType": "function",
        "props": Object {
          "activeClassName": "is-active",
          "aria-current": "page",
          "children": "Home",
          "exact": true,
          "to": "/",
        },
        "ref": null,
        "rendered": "Home",
        "type": [Function],
      },
      Object {
        "instance": null,
        "key": undefined,
        "nodeType": "function",
        "props": Object {
          "activeClassName": "is-active",
          "aria-current": "page",
          "children": "Add Expense",
          "exact": true,
          "to": "/create",
        },
        "ref": null,
        "rendered": "Add Expense",
        "type": [Function],
      },
      Object {
        "instance": null,
        "key": undefined,
        "nodeType": "function",
        "props": Object {
          "activeClassName": "is-active",
          "aria-current": "page",
          "children": "Edit Expense",
          "exact": true,
          "to": "/edit",
        },
        "ref": null,
        "rendered": "Edit Expense",
        "type": [Function],
      },
      Object {
        "instance": null,
        "key": undefined,
        "nodeType": "function",
        "props": Object {
          "activeClassName": "is-active",
          "aria-current": "page",
          "children": "Help",
          "exact": true,
          "to": "/help",
        },
        "ref": null,
        "rendered": "Help",
        "type": [Function],
      },
    ],
    "type": "div",
  },
  Symbol(enzyme.__nodes__): Array [
    Object {
      "instance": null,
      "key": undefined,
      "nodeType": "host",
      "props": Object {
        "children": Array [
          <h1>
            Expensify
          </h1>,
          <NavLink
            activeClassName="is-active"
            aria-current="page"
            exact={true}
            to="/"
          >
            Home
          </NavLink>,
          <NavLink
            activeClassName="is-active"
            aria-current="page"
            exact={true}
            to="/create"
          >
            Add Expense
          </NavLink>,
          <NavLink
            activeClassName="is-active"
            aria-current="page"
            exact={true}
            to="/edit"
          >
            Edit Expense
          </NavLink>,
          <NavLink
            activeClassName="is-active"
            aria-current="page"
            exact={true}
            to="/help"
          >
            Help
          </NavLink>,
        ],
      },
      "ref": null,
      "rendered": Array [
        Object {
          "instance": null,
          "key": undefined,
          "nodeType": "host",
          "props": Object {
            "children": "Expensify",
          },
          "ref": null,
          "rendered": "Expensify",
          "type": "h1",
        },
        Object {
          "instance": null,
          "key": undefined,
          "nodeType": "function",
          "props": Object {
            "activeClassName": "is-active",
            "aria-current": "page",
            "children": "Home",
            "exact": true,
            "to": "/",
          },
          "ref": null,
          "rendered": "Home",
          "type": [Function],
        },
        Object {
          "instance": null,
          "key": undefined,
          "nodeType": "function",
          "props": Object {
            "activeClassName": "is-active",
            "aria-current": "page",
            "children": "Add Expense",
            "exact": true,
            "to": "/create",
          },
          "ref": null,
          "rendered": "Add Expense",
          "type": [Function],
        },
        Object {
          "instance": null,
          "key": undefined,
          "nodeType": "function",
          "props": Object {
            "activeClassName": "is-active",
            "aria-current": "page",
            "children": "Edit Expense",
            "exact": true,
            "to": "/edit",
          },
          "ref": null,
          "rendered": "Edit Expense",
          "type": [Function],
        },
        Object {
          "instance": null,
          "key": undefined,
          "nodeType": "function",
          "props": Object {
            "activeClassName": "is-active",
            "aria-current": "page",
            "children": "Help",
            "exact": true,
            "to": "/help",
          },
          "ref": null,
          "rendered": "Help",
          "type": [Function],
        },
      ],
      "type": "div",
    },
  ],
  Symbol(enzyme.__options__): Object {
    "adapter": ReactSixteenAdapter {
      "options": Object {
        "enableComponentDidUpdateOnSetState": true,
      },
    },
  },
}
`;
